// Jest Snapshot v1, https://goo.gl/fbAQLP

exports[`Info Component renders correctly 1`] = `""`;
