// Jest Snapshot v1, https://goo.gl/fbAQLP

exports[`Price Component renders correctly 1`] = `
<View>
  <Styled(Animated(Text))>
    <Text>
      $
    </Text>
    12.00
  </Styled(Animated(Text))>
</View>
`;
